Release 14.7 - xst P.20131013 (nt)
Copyright (c) 1995-2013 Xilinx, Inc.  All rights reserved.
--> Parameter TMPDIR set to xst/projnav.tmp


Total REAL time to Xst completion: 1.00 secs
Total CPU time to Xst completion: 0.34 secs
 
--> Parameter xsthdpdir set to xst


Total REAL time to Xst completion: 1.00 secs
Total CPU time to Xst completion: 0.34 secs
 
--> Reading design: zx81kbdplus.prj

TABLE OF CONTENTS
  1) Synthesis Options Summary
  2) HDL Compilation
  3) Design Hierarchy Analysis
  4) HDL Analysis
  5) HDL Synthesis
     5.1) HDL Synthesis Report
  6) Advanced HDL Synthesis
     6.1) Advanced HDL Synthesis Report
  7) Low Level Synthesis
  8) Partition Report
  9) Final Report

=========================================================================
*                      Synthesis Options Summary                        *
=========================================================================
---- Source Parameters
Input File Name                    : "zx81kbdplus.prj"
Input Format                       : mixed
Ignore Synthesis Constraint File   : NO

---- Target Parameters
Output File Name                   : "zx81kbdplus"
Output Format                      : NGC
Target Device                      : XC9500XL CPLDs

---- Source Options
Top Module Name                    : zx81kbdplus
Automatic FSM Extraction           : YES
FSM Encoding Algorithm             : Auto
Safe Implementation                : No
Mux Extraction                     : Yes
Resource Sharing                   : YES

---- Target Options
Add IO Buffers                     : YES
MACRO Preserve                     : YES
XOR Preserve                       : YES
Equivalent register Removal        : YES

---- General Options
Optimization Goal                  : Speed
Optimization Effort                : 1
Keep Hierarchy                     : Yes
Netlist Hierarchy                  : As_Optimized
RTL Output                         : Yes
Hierarchy Separator                : /
Bus Delimiter                      : <>
Case Specifier                     : Maintain
Verilog 2001                       : YES

---- Other Options
Clock Enable                       : YES
wysiwyg                            : NO

=========================================================================


=========================================================================
*                          HDL Compilation                              *
=========================================================================
Compiling verilog file "zx81kbd-plus.v" in library work
Module <zx81kbdplus> compiled
No errors in compilation
Analysis of file <"zx81kbdplus.prj"> succeeded.
 

=========================================================================
*                     Design Hierarchy Analysis                         *
=========================================================================
Analyzing hierarchy for module <zx81kbdplus> in library <work>.


=========================================================================
*                            HDL Analysis                               *
=========================================================================
Analyzing top module <zx81kbdplus>.
Module <zx81kbdplus> is correct for synthesis.
 

=========================================================================
*                           HDL Synthesis                               *
=========================================================================

Performing bidirectional port resolution...

Synthesizing Unit <zx81kbdplus>.
    Related source file is "zx81kbd-plus.v".
    Found 5-bit tristate buffer for signal <D>.
    Found 5-bit register for signal <data>.
    Found 3-bit up counter for signal <n>.
    Found 40-bit register for signal <rows>.
    Summary:
	inferred   1 Counter(s).
	inferred   5 Tristate(s).
Unit <zx81kbdplus> synthesized.


=========================================================================
HDL Synthesis Report

Macro Statistics
# Counters                                             : 1
 3-bit up counter                                      : 1
# Registers                                            : 9
 5-bit register                                        : 9
# Tristates                                            : 5
 1-bit tristate buffer                                 : 5

=========================================================================

=========================================================================
*                       Advanced HDL Synthesis                          *
=========================================================================


=========================================================================
Advanced HDL Synthesis Report

Macro Statistics
# Counters                                             : 1
 3-bit up counter                                      : 1

=========================================================================

=========================================================================
*                         Low Level Synthesis                           *
=========================================================================

Optimizing unit <zx81kbdplus> ...
  implementation constraint: INIT=r	 : n_2
  implementation constraint: INIT=r	 : n_1
  implementation constraint: INIT=r	 : n_0

=========================================================================
*                           Partition Report                            *
=========================================================================

Partition Implementation Status
-------------------------------

  No Partitions were found in this design.

-------------------------------

=========================================================================
*                            Final Report                               *
=========================================================================
Final Results
RTL Top Level Output File Name     : zx81kbdplus.ngr
Top Level Output File Name         : zx81kbdplus
Output Format                      : NGC
Optimization Goal                  : Speed
Keep Hierarchy                     : Yes
Target Technology                  : XC9500XL CPLDs
Macro Preserve                     : YES
XOR Preserve                       : YES
Clock Enable                       : YES
wysiwyg                            : NO

Design Statistics
# IOs                              : 26

Cell Usage :
# BELS                             : 207
#      AND2                        : 74
#      AND3                        : 1
#      AND4                        : 2
#      GND                         : 1
#      INV                         : 107
#      OR2                         : 5
#      OR3                         : 15
#      XOR2                        : 2
# FlipFlops/Latches                : 48
#      FD                          : 5
#      FDC                         : 3
#      FDCE                        : 40
# IO Buffers                       : 26
#      IBUF                        : 18
#      OBUF                        : 3
#      OBUFE                       : 5
=========================================================================


Total REAL time to Xst completion: 7.00 secs
Total CPU time to Xst completion: 7.03 secs
 
--> 

Total memory usage is 199692 kilobytes

Number of errors   :    0 (   0 filtered)
Number of warnings :    0 (   0 filtered)
Number of infos    :    0 (   0 filtered)

